config/database.ts(28,7): error TS2322: Type '{ filename: string; }' is not assignable to type 'Connection<ClientKind>'.
  Type '{ filename: string; }' is missing the following properties from type '{ database: string; user: string; password: string; port: number; host: string; ssl?: boolean | SSLConfig; connectionString?: string; timezone?: string; }': database, user, password, port, host
